#,,,,,,,"generated_by='OpenQuake engine 3.24.0-git1e4bfaa36f', start_date='2025-09-19T05:13:46', checksum=568012223, investigation_time=None, risk_investigation_time=None"
loss_type,no_damage,slight,moderate,extreme,complete,losses_value,losses_ratio
structural,0.00000E+00,0.00000E+00,0.00000E+00,0.00000E+00,1.10000E+01,1.24740E+05,1.00000E+00
