#,,,,"generated_by='OpenQuake engine 3.24.0-git9d6334cf88', start_date='2025-05-20T04:08:06', checksum=3161733007, kind='mean', investigation_time=1.0"
lon,lat,0.000400~PGA,0.000400~SA(1.0),0.000400~SA(2.0)
1.00000,-5.00000,1.418765E-02,3.126065E-02,2.572888E-02
1.25000,-5.25000,1.001985E-02,1.947241E-02,1.638441E-02
1.50000,-5.25000,9.227978E-03,1.791310E-02,1.527247E-02
