#,,,,,,,,,,,,,,,,,"generated_by='OpenQuake engine 3.24.0-gitc8026bba69', start_date='2025-09-27T05:39:33', checksum=2769553236, kind='mean', investigation_time=50.0, imt='PGA'"
lon,lat,depth,poe-0.0050000,poe-0.0070000,poe-0.0098000,poe-0.0137000,poe-0.0192000,poe-0.0269000,poe-0.0376000,poe-0.0527000,poe-0.0738000,poe-0.1030000,poe-0.1450000,poe-0.2030000,poe-0.2840000,poe-0.3970000,poe-0.5560000
0.50000,-0.50000,0.00000,1.000000E+00,1.000000E+00,1.000000E+00,9.999998E-01,9.999971E-01,9.999325E-01,9.986782E-01,9.841653E-01,9.045756E-01,7.023822E-01,4.258401E-01,2.072095E-01,8.387244E-02,2.949601E-02,8.943021E-03
