#,,,"generated_by='OpenQuake engine 3.24.0-gitc8026bba69', start_date='2025-09-27T05:39:36', checksum=3929197637, kind='mean', investigation_time=50.0, imt='PGA'"
lon,lat,depth,poe-0.0500000
0.50000,-0.50000,0.00000,9.673117E-01
