#,,,,"generated_by='OpenQuake engine 3.24.0-git1e0699d3bc', start_date='2025-07-10T08:45:39', checksum=2151870430, risk_investigation_time=50.0, num_events=4, effective_time=20.0, limit_states=''"
taxonomy,return_period,loss_type,loss_value,loss_ratio
tax1,5,structural,9.99406E+02,2.49852E-02
tax1,10,structural,2.02047E+03,5.05119E-02
tax1,20,structural,3.14676E+03,7.86690E-02
