#,,,"generated_by='OpenQuake engine 3.24.0-git1e0699d3bc', start_date='2025-07-10T08:45:39', checksum=2151870430, investigation_time=1.0, risk_investigation_time=50.0"
loss_type,taxonomy,loss_value,loss_ratio
structural,tax1,1.85256E+04,4.63139E-01
