#,,,,,,,,,,,"generated_by='OpenQuake engine 3.24.0-gitc7009da9b6', start_date='2025-06-20T07:18:51', checksum=2461163491, kind='mean', investigation_time=1.0, imt='PGA'"
custom_site_id,lon,lat,depth,poe-0.0100000,poe-0.0500000,poe-0.1000000,poe-0.2000000,poe-0.3000000,poe-0.5000000,poe-0.7500000,poe-1.0000000
1001BC,-65.28146,0.00000,0.00000,9.950114E-03,9.843010E-03,9.131705E-03,6.815422E-03,4.776552E-03,2.345572E-03,1.047416E-03,5.133721E-04
1002BC,-64.38200,0.00000,0.00000,9.916107E-03,7.234745E-03,3.798415E-03,1.132724E-03,4.106795E-04,8.079867E-05,1.669145E-05,4.656851E-06
