#,,,"generated_by='OpenQuake engine 3.24.0-gitc7009da9b6', start_date='2025-06-20T07:18:51', checksum=2461163491, kind='mean', investigation_time=1.0"
custom_site_id,lon,lat,0.100000~PGA
1001BC,-65.28146,0.00000,0.000000E+00
1002BC,-64.38200,0.00000,0.000000E+00
