policy,taxonomy,loss_type,value,lossmea
A,RC,nonstructural,1.00000E+03,2.73602E+01
A,RC,structural,2.00000E+03,6.16284E+01
A,RM,nonstructural,1.50000E+03,2.12580E+01
A,RM,structural,3.00000E+03,1.43613E+02
total,total,nonstructural,2.50000E+03,4.86182E+01
total,total,structural,5.00000E+03,2.05242E+02
